Archive member included to satisfy reference by file (symbol)

e:/st/stm32cubeide_1.7.0/stm32cubeide/plugins/com.st.stm32cube.ide.mcu.externaltools.gnu-tools-for-stm32.9-2020-q2-update.win32_2.0.0.202105311346/tools/bin/../lib/gcc/arm-none-eabi/9.3.1/../../../../arm-none-eabi/lib/thumb/v7e-m+fp/hard\libc_nano.a(lib_a-errno.o)
                              ./Core/Src/syscalls.o (__errno)
e:/st/stm32cubeide_1.7.0/stm32cubeide/plugins/com.st.stm32cube.ide.mcu.externaltools.gnu-tools-for-stm32.9-2020-q2-update.win32_2.0.0.202105311346/tools/bin/../lib/gcc/arm-none-eabi/9.3.1/../../../../arm-none-eabi/lib/thumb/v7e-m+fp/hard\libc_nano.a(lib_a-exit.o)
                              e:/st/stm32cubeide_1.7.0/stm32cubeide/plugins/com.st.stm32cube.ide.mcu.externaltools.gnu-tools-for-stm32.9-2020-q2-update.win32_2.0.0.202105311346/tools/bin/../lib/gcc/arm-none-eabi/9.3.1/../../../../arm-none-eabi/lib/thumb/v7e-m+fp/hard/crt0.o (exit)
e:/st/stm32cubeide_1.7.0/stm32cubeide/plugins/com.st.stm32cube.ide.mcu.externaltools.gnu-tools-for-stm32.9-2020-q2-update.win32_2.0.0.202105311346/tools/bin/../lib/gcc/arm-none-eabi/9.3.1/../../../../arm-none-eabi/lib/thumb/v7e-m+fp/hard\libc_nano.a(lib_a-impure.o)
                              e:/st/stm32cubeide_1.7.0/stm32cubeide/plugins/com.st.stm32cube.ide.mcu.externaltools.gnu-tools-for-stm32.9-2020-q2-update.win32_2.0.0.202105311346/tools/bin/../lib/gcc/arm-none-eabi/9.3.1/../../../../arm-none-eabi/lib/thumb/v7e-m+fp/hard\libc_nano.a(lib_a-exit.o) (_global_impure_ptr)
e:/st/stm32cubeide_1.7.0/stm32cubeide/plugins/com.st.stm32cube.ide.mcu.externaltools.gnu-tools-for-stm32.9-2020-q2-update.win32_2.0.0.202105311346/tools/bin/../lib/gcc/arm-none-eabi/9.3.1/../../../../arm-none-eabi/lib/thumb/v7e-m+fp/hard\libc_nano.a(lib_a-init.o)
                              e:/st/stm32cubeide_1.7.0/stm32cubeide/plugins/com.st.stm32cube.ide.mcu.externaltools.gnu-tools-for-stm32.9-2020-q2-update.win32_2.0.0.202105311346/tools/bin/../lib/gcc/arm-none-eabi/9.3.1/../../../../arm-none-eabi/lib/thumb/v7e-m+fp/hard/crt0.o (__libc_init_array)
e:/st/stm32cubeide_1.7.0/stm32cubeide/plugins/com.st.stm32cube.ide.mcu.externaltools.gnu-tools-for-stm32.9-2020-q2-update.win32_2.0.0.202105311346/tools/bin/../lib/gcc/arm-none-eabi/9.3.1/../../../../arm-none-eabi/lib/thumb/v7e-m+fp/hard\libc_nano.a(lib_a-memset.o)
                              e:/st/stm32cubeide_1.7.0/stm32cubeide/plugins/com.st.stm32cube.ide.mcu.externaltools.gnu-tools-for-stm32.9-2020-q2-update.win32_2.0.0.202105311346/tools/bin/../lib/gcc/arm-none-eabi/9.3.1/../../../../arm-none-eabi/lib/thumb/v7e-m+fp/hard/crt0.o (memset)
e:/st/stm32cubeide_1.7.0/stm32cubeide/plugins/com.st.stm32cube.ide.mcu.externaltools.gnu-tools-for-stm32.9-2020-q2-update.win32_2.0.0.202105311346/tools/bin/../lib/gcc/arm-none-eabi/9.3.1/../../../../arm-none-eabi/lib/thumb/v7e-m+fp/hard\libc_nano.a(lib_a-strlen.o)
                              ./Core/Src/main.o (strlen)

Allocating common symbols
Common symbol       size              file

mode                0x1               ./Core/Src/main.o
error               0x1               ./Core/Src/main.o
saved_time          0x8               ./Core/Src/main.o
display_text        0x64              ./Core/Src/main.o
aReceiveBuffer_read
                    0x4               ./Core/Src/i2c.o
Display_sign        0x4               ./Core/Src/display.o

Discarded input sections

 .text          0x0000000000000000        0x0 e:/st/stm32cubeide_1.7.0/stm32cubeide/plugins/com.st.stm32cube.ide.mcu.externaltools.gnu-tools-for-stm32.9-2020-q2-update.win32_2.0.0.202105311346/tools/bin/../lib/gcc/arm-none-eabi/9.3.1/thumb/v7e-m+fp/hard/crti.o
 .data          0x0000000000000000        0x0 e:/st/stm32cubeide_1.7.0/stm32cubeide/plugins/com.st.stm32cube.ide.mcu.externaltools.gnu-tools-for-stm32.9-2020-q2-update.win32_2.0.0.202105311346/tools/bin/../lib/gcc/arm-none-eabi/9.3.1/thumb/v7e-m+fp/hard/crti.o
 .bss           0x0000000000000000        0x0 e:/st/stm32cubeide_1.7.0/stm32cubeide/plugins/com.st.stm32cube.ide.mcu.externaltools.gnu-tools-for-stm32.9-2020-q2-update.win32_2.0.0.202105311346/tools/bin/../lib/gcc/arm-none-eabi/9.3.1/thumb/v7e-m+fp/hard/crti.o
 .data          0x0000000000000000        0x4 e:/st/stm32cubeide_1.7.0/stm32cubeide/plugins/com.st.stm32cube.ide.mcu.externaltools.gnu-tools-for-stm32.9-2020-q2-update.win32_2.0.0.202105311346/tools/bin/../lib/gcc/arm-none-eabi/9.3.1/thumb/v7e-m+fp/hard/crtbegin.o
 .text          0x0000000000000000       0x7c e:/st/stm32cubeide_1.7.0/stm32cubeide/plugins/com.st.stm32cube.ide.mcu.externaltools.gnu-tools-for-stm32.9-2020-q2-update.win32_2.0.0.202105311346/tools/bin/../lib/gcc/arm-none-eabi/9.3.1/../../../../arm-none-eabi/lib/thumb/v7e-m+fp/hard/crt0.o
[...]
Memory Configuration

Name             Origin             Length             Attributes
CCMRAM           0x0000000010000000 0x0000000000001000 xrw
RAM              0x0000000020000000 0x0000000000003000 xrw
FLASH            0x0000000008000000 0x0000000000010000 xr
*default*        0x0000000000000000 0xffffffffffffffff

Linker script and memory map

LOAD e:/st/stm32cubeide_1.7.0/stm32cubeide/plugins/com.st.stm32cube.ide.mcu.externaltools.gnu-tools-for-stm32.9-2020-q2-update.win32_2.0.0.202105311346/tools/bin/../lib/gcc/arm-none-eabi/9.3.1/thumb/v7e-m+fp/hard/crti.o
LOAD e:/st/stm32cubeide_1.7.0/stm32cubeide/plugins/com.st.stm32cube.ide.mcu.externaltools.gnu-tools-for-stm32.9-2020-q2-update.win32_2.0.0.202105311346/tools/bin/../lib/gcc/arm-none-eabi/9.3.1/thumb/v7e-m+fp/hard/crtbegin.o
LOAD e:/st/stm32cubeide_1.7.0/stm32cubeide/plugins/com.st.stm32cube.ide.mcu.externaltools.gnu-tools-for-stm32.9-2020-q2-update.win32_2.0.0.202105311346/tools/bin/../lib/gcc/arm-none-eabi/9.3.1/../../../../arm-none-eabi/lib/thumb/v7e-m+fp/hard/crt0.o
LOAD ./Core/Src/display.o
LOAD ./Core/Src/gpio.o
LOAD ./Core/Src/i2c.o
LOAD ./Core/Src/iks01a1.o
LOAD ./Core/Src/main.o
LOAD ./Core/Src/stm32f3xx_it.o
LOAD ./Core/Src/syscalls.o
LOAD ./Core/Src/sysmem.o
LOAD ./Core/Src/system_stm32f3xx.o
LOAD ./Core/Src/tim.o
LOAD ./Core/Startup/startup_stm32f303k8tx.o
LOAD ./Drivers/STM32F3xx_HAL_Driver/Src/stm32f3xx_ll_dma.o
LOAD ./Drivers/STM32F3xx_HAL_Driver/Src/stm32f3xx_ll_exti.o
LOAD ./Drivers/STM32F3xx_HAL_Driver/Src/stm32f3xx_ll_gpio.o
LOAD ./Drivers/STM32F3xx_HAL_Driver/Src/stm32f3xx_ll_i2c.o
LOAD ./Drivers/STM32F3xx_HAL_Driver/Src/stm32f3xx_ll_rcc.o
LOAD ./Drivers/STM32F3xx_HAL_Driver/Src/stm32f3xx_ll_tim.o
LOAD ./Drivers/STM32F3xx_HAL_Driver/Src/stm32f3xx_ll_utils.o
START GROUP
LOAD e:/st/stm32cubeide_1.7.0/stm32cubeide/plugins/com.st.stm32cube.ide.mcu.externaltools.gnu-tools-for-stm32.9-2020-q2-update.win32_2.0.0.202105311346/tools/bin/../lib/gcc/arm-none-eabi/9.3.1/../../../../arm-none-eabi/lib/thumb/v7e-m+fp/hard\libc_nano.a
LOAD e:/st/stm32cubeide_1.7.0/stm32cubeide/plugins/com.st.stm32cube.ide.mcu.externaltools.gnu-tools-for-stm32.9-2020-q2-update.win32_2.0.0.202105311346/tools/bin/../lib/gcc/arm-none-eabi/9.3.1/../../../../arm-none-eabi/lib/thumb/v7e-m+fp/hard\libm.a
END GROUP
START GROUP
LOAD e:/st/stm32cubeide_1.7.0/stm32cubeide/plugins/com.st.stm32cube.ide.mcu.externaltools.gnu-tools-for-stm32.9-2020-q2-update.win32_2.0.0.202105311346/tools/bin/../lib/gcc/arm-none-eabi/9.3.1/thumb/v7e-m+fp/hard\libgcc.a
LOAD e:/st/stm32cubeide_1.7.0/stm32cubeide/plugins/com.st.stm32cube.ide.mcu.externaltools.gnu-tools-for-stm32.9-2020-q2-update.win32_2.0.0.202105311346/tools/bin/../lib/gcc/arm-none-eabi/9.3.1/../../../../arm-none-eabi/lib/thumb/v7e-m+fp/hard\libc_nano.a
END GROUP
START GROUP
LOAD e:/st/stm32cubeide_1.7.0/stm32cubeide/plugins/com.st.stm32cube.ide.mcu.externaltools.gnu-tools-for-stm32.9-2020-q2-update.win32_2.0.0.202105311346/tools/bin/../lib/gcc/arm-none-eabi/9.3.1/thumb/v7e-m+fp/hard\libgcc.a
LOAD e:/st/stm32cubeide_1.7.0/stm32cubeide/plugins/com.st.stm32cube.ide.mcu.externaltools.gnu-tools-for-stm32.9-2020-q2-update.win32_2.0.0.202105311346/tools/bin/../lib/gcc/arm-none-eabi/9.3.1/../../../../arm-none-eabi/lib/thumb/v7e-m+fp/hard\libc_nano.a
LOAD e:/st/stm32cubeide_1.7.0/stm32cubeide/plugins/com.st.stm32cube.ide.mcu.externaltools.gnu-tools-for-stm32.9-2020-q2-update.win32_2.0.0.202105311346/tools/bin/../lib/gcc/arm-none-eabi/9.3.1/../../../../arm-none-eabi/lib/thumb/v7e-m+fp/hard\libnosys.a
END GROUP
START GROUP
LOAD e:/st/stm32cubeide_1.7.0/stm32cubeide/plugins/com.st.stm32cube.ide.mcu.externaltools.gnu-tools-for-stm32.9-2020-q2-update.win32_2.0.0.202105311346/tools/bin/../lib/gcc/arm-none-eabi/9.3.1/thumb/v7e-m+fp/hard\libgcc.a
LOAD e:/st/stm32cubeide_1.7.0/stm32cubeide/plugins/com.st.stm32cube.ide.mcu.externaltools.gnu-tools-for-stm32.9-2020-q2-update.win32_2.0.0.202105311346/tools/bin/../lib/gcc/arm-none-eabi/9.3.1/../../../../arm-none-eabi/lib/thumb/v7e-m+fp/hard\libc_nano.a
LOAD e:/st/stm32cubeide_1.7.0/stm32cubeide/plugins/com.st.stm32cube.ide.mcu.externaltools.gnu-tools-for-stm32.9-2020-q2-update.win32_2.0.0.202105311346/tools/bin/../lib/gcc/arm-none-eabi/9.3.1/../../../../arm-none-eabi/lib/thumb/v7e-m+fp/hard\libnosys.a
END GROUP
LOAD e:/st/stm32cubeide_1.7.0/stm32cubeide/plugins/com.st.stm32cube.ide.mcu.externaltools.gnu-tools-for-stm32.9-2020-q2-update.win32_2.0.0.202105311346/tools/bin/../lib/gcc/arm-none-eabi/9.3.1/thumb/v7e-m+fp/hard/crtend.o
LOAD e:/st/stm32cubeide_1.7.0/stm32cubeide/plugins/com.st.stm32cube.ide.mcu.externaltools.gnu-tools-for-stm32.9-2020-q2-update.win32_2.0.0.202105311346/tools/bin/../lib/gcc/arm-none-eabi/9.3.1/thumb/v7e-m+fp/hard/crtn.o
                0x0000000020003000                _estack = (ORIGIN (RAM) + LENGTH (RAM))
                0x0000000000000200                _Min_Heap_Size = 0x200
                0x0000000000000400                _Min_Stack_Size = 0x400

.isr_vector     0x0000000008000000      0x188
                0x0000000008000000                . = ALIGN (0x4)
 *(.isr_vector)
 .isr_vector    0x0000000008000000      0x188 ./Core/Startup/startup_stm32f303k8tx.o
                0x0000000008000000                g_pfnVectors
                0x0000000008000188                . = ALIGN (0x4)

.text           0x0000000008000188     0x29cc
                0x0000000008000188                . = ALIGN (0x4)
 *(.text)
 .text          0x0000000008000188       0x40 e:/st/stm32cubeide_1.7.0/stm32cubeide/plugins/com.st.stm32cube.ide.mcu.externaltools.gnu-tools-for-stm32.9-2020-q2-update.win32_2.0.0.202105311346/tools/bin/../lib/gcc/arm-none-eabi/9.3.1/thumb/v7e-m+fp/hard/crtbegin.o
 .text          0x00000000080001c8       0x10 e:/st/stm32cubeide_1.7.0/stm32cubeide/plugins/com.st.stm32cube.ide.mcu.externaltools.gnu-tools-for-stm32.9-2020-q2-update.win32_2.0.0.202105311346/tools/bin/../lib/gcc/arm-none-eabi/9.3.1/../../../../arm-none-eabi/lib/thumb/v7e-m+fp/hard\libc_nano.a(lib_a-strlen.o)
                0x00000000080001c8                strlen
 *(.text*)
 .text.LL_GPIO_SetOutputPin
                0x00000000080001d8       0x1c ./Core/Src/display.o
 .text.LL_GPIO_ResetOutputPin
                0x00000000080001f4       0x1c ./Core/Src/display.o
 .text.resetSegments
                0x0000000008000210       0x5c ./Core/Src/display.o
                0x0000000008000210                resetSegments
 .text.setSegments
                0x000000000800026c       0x5c ./Core/Src/display.o
                0x000000000800026c                setSegments
 .text.resetDigits
                0x00000000080002c8       0x40 ./Core/Src/display.o
                0x00000000080002c8                resetDigits
 .text.setDigits
                0x0000000008000308       0x40 ./Core/Src/display.o
                0x0000000008000308                setDigits
 .text.set_sign
                0x0000000008000348       0xd0 ./Core/Src/display.o
                0x0000000008000348                set_sign
 .text.setDigit
                0x0000000008000418       0x64 ./Core/Src/display.o
                0x0000000008000418                setDigit
 .text.display_sign
                0x000000000800047c       0x44 ./Core/Src/display.o
                0x000000000800047c                display_sign
 .text.updateDisplay
                0x00000000080004c0       0x78 ./Core/Src/display.o
                0x00000000080004c0                updateDisplay
 .text.__NVIC_GetPriorityGrouping
                0x0000000008000538       0x1c ./Core/Src/gpio.o
 .text.__NVIC_EnableIRQ
                0x0000000008000554       0x3c ./Core/Src/gpio.o
 .text.__NVIC_SetPriority
                0x0000000008000590       0x54 ./Core/Src/gpio.o
 .text.NVIC_EncodePriority
                0x00000000080005e4       0x66 ./Core/Src/gpio.o
 *fill*         0x000000000800064a        0x2 
 .text.LL_AHB1_GRP1_EnableClock
                0x000000000800064c       0x30 ./Core/Src/gpio.o
 .text.LL_SYSCFG_SetEXTISource
                0x000000000800067c       0x5c ./Core/Src/gpio.o
 .text.LL_GPIO_SetPinMode
                0x00000000080006d8       0x5e ./Core/Src/gpio.o
 .text.LL_GPIO_SetPinPull
                0x0000000008000736       0x5e ./Core/Src/gpio.o
 .text.LL_GPIO_ResetOutputPin
                0x0000000008000794       0x1c ./Core/Src/gpio.o
 .text.MX_GPIO_Init
                0x00000000080007b0       0xf4 ./Core/Src/gpio.o
                0x00000000080007b0                MX_GPIO_Init
 .text.__NVIC_GetPriorityGrouping
                0x00000000080008a4       0x1c ./Core/Src/i2c.o
 .text.__NVIC_EnableIRQ
                0x00000000080008c0       0x3c ./Core/Src/i2c.o
 .text.__NVIC_SetPriority
                0x00000000080008fc       0x54 ./Core/Src/i2c.o
 .text.NVIC_EncodePriority
                0x0000000008000950       0x66 ./Core/Src/i2c.o
 .text.LL_I2C_Enable
                0x00000000080009b6       0x20 ./Core/Src/i2c.o
 .text.LL_I2C_EnableClockStretching
                0x00000000080009d6       0x20 ./Core/Src/i2c.o
 .text.LL_I2C_DisableGeneralCall
                0x00000000080009f6       0x20 ./Core/Src/i2c.o
 .text.LL_I2C_SetOwnAddress2
                0x0000000008000a16       0x30 ./Core/Src/i2c.o
 .text.LL_I2C_DisableOwnAddress2
                0x0000000008000a46       0x20 ./Core/Src/i2c.o
 .text.LL_I2C_EnableIT_RX
                0x0000000008000a66       0x20 ./Core/Src/i2c.o
 .text.LL_I2C_DisableIT_RX
                0x0000000008000a86       0x20 ./Core/Src/i2c.o
 .text.LL_I2C_IsActiveFlag_TXIS
                0x0000000008000aa6       0x26 ./Core/Src/i2c.o
 .text.LL_I2C_IsActiveFlag_RXNE
                0x0000000008000acc       0x26 ./Core/Src/i2c.o
 .text.LL_I2C_IsActiveFlag_STOP
                0x0000000008000af2       0x26 ./Core/Src/i2c.o
 .text.LL_I2C_ClearFlag_STOP
                0x0000000008000b18       0x20 ./Core/Src/i2c.o
 .text.LL_I2C_EnableAutoEndMode
                0x0000000008000b38       0x20 ./Core/Src/i2c.o
 .text.LL_I2C_HandleTransfer
                0x0000000008000b58       0x4c ./Core/Src/i2c.o
 .text.LL_I2C_ReceiveData8
                0x0000000008000ba4       0x1a ./Core/Src/i2c.o
 .text.LL_I2C_TransmitData8
                0x0000000008000bbe       0x1e ./Core/Src/i2c.o
 .text.LL_AHB1_GRP1_EnableClock
                0x0000000008000bdc       0x30 ./Core/Src/i2c.o
 .text.LL_APB1_GRP1_EnableClock
                0x0000000008000c0c       0x30 ./Core/Src/i2c.o
 .text.MX_I2C1_Init
                0x0000000008000c3c       0xe0 ./Core/Src/i2c.o
                0x0000000008000c3c                MX_I2C1_Init
 .text.i2c_master_read
                0x0000000008000d1c       0xf4 ./Core/Src/i2c.o
                0x0000000008000d1c                i2c_master_read
 .text.I2C1_EV_IRQHandler_fun
                0x0000000008000e10       0x60 ./Core/Src/i2c.o
                0x0000000008000e10                I2C1_EV_IRQHandler_fun
 .text.lps25hb_init
                0x0000000008000e70       0x44 ./Core/Src/iks01a1.o
                0x0000000008000e70                lps25hb_init
 .text.lps25hb_read_byte
                0x0000000008000eb4       0x30 ./Core/Src/iks01a1.o
                0x0000000008000eb4                lps25hb_read_byte
 .text.hts221_read_byte
                0x0000000008000ee4       0x30 ./Core/Src/iks01a1.o
                0x0000000008000ee4                hts221_read_byte
 .text.__NVIC_SetPriorityGrouping
                0x0000000008000f14       0x48 ./Core/Src/main.o
 .text.__NVIC_GetPriorityGrouping
                0x0000000008000f5c       0x1c ./Core/Src/main.o
 .text.__NVIC_SetPriority
                0x0000000008000f78       0x54 ./Core/Src/main.o
 .text.NVIC_EncodePriority
                0x0000000008000fcc       0x66 ./Core/Src/main.o
 *fill*         0x0000000008001032        0x2 
 .text.LL_RCC_HSI_Enable
                0x0000000008001034       0x20 ./Core/Src/main.o
 .text.LL_RCC_HSI_IsReady
                0x0000000008001054       0x24 ./Core/Src/main.o
 .text.LL_RCC_HSI_SetCalibTrimming
                0x0000000008001078       0x2c ./Core/Src/main.o
 .text.LL_RCC_SetSysClkSource
                0x00000000080010a4       0x28 ./Core/Src/main.o
 .text.LL_RCC_GetSysClkSource
                0x00000000080010cc       0x1c ./Core/Src/main.o
 .text.LL_RCC_SetAHBPrescaler
                0x00000000080010e8       0x28 ./Core/Src/main.o
 .text.LL_RCC_SetAPB1Prescaler
                0x0000000008001110       0x28 ./Core/Src/main.o
 .text.LL_RCC_SetAPB2Prescaler
                0x0000000008001138       0x28 ./Core/Src/main.o
 .text.LL_RCC_SetI2CClockSource
                0x0000000008001160       0x30 ./Core/Src/main.o
 .text.LL_APB1_GRP1_EnableClock
                0x0000000008001190       0x30 ./Core/Src/main.o
 .text.LL_APB2_GRP1_EnableClock
                0x00000000080011c0       0x30 ./Core/Src/main.o
 .text.LL_FLASH_SetLatency
                0x00000000080011f0       0x28 ./Core/Src/main.o
 .text.LL_FLASH_GetLatency
                0x0000000008001218       0x1c ./Core/Src/main.o
 .text.main     0x0000000008001234      0x17c ./Core/Src/main.o
                0x0000000008001234                main
 .text.SystemClock_Config
                0x00000000080013b0       0x6c ./Core/Src/main.o
                0x00000000080013b0                SystemClock_Config
 .text.LL_TIM_ClearFlag_UPDATE
                0x000000000800141c       0x1c ./Core/Src/stm32f3xx_it.o
 .text.LL_TIM_IsActiveFlag_UPDATE
                0x0000000008001438       0x26 ./Core/Src/stm32f3xx_it.o
 .text.NMI_Handler
                0x000000000800145e        0x6 ./Core/Src/stm32f3xx_it.o
                0x000000000800145e                NMI_Handler
 .text.HardFault_Handler
                0x0000000008001464        0x6 ./Core/Src/stm32f3xx_it.o
                0x0000000008001464                HardFault_Handler
 .text.MemManage_Handler
                0x000000000800146a        0x6 ./Core/Src/stm32f3xx_it.o
                0x000000000800146a                MemManage_Handler
 .text.BusFault_Handler
                0x0000000008001470        0x6 ./Core/Src/stm32f3xx_it.o
                0x0000000008001470                BusFault_Handler
 .text.UsageFault_Handler
                0x0000000008001476        0x6 ./Core/Src/stm32f3xx_it.o
                0x0000000008001476                UsageFault_Handler
 .text.SVC_Handler
                0x000000000800147c        0xe ./Core/Src/stm32f3xx_it.o
                0x000000000800147c                SVC_Handler
 .text.DebugMon_Handler
                0x000000000800148a        0xe ./Core/Src/stm32f3xx_it.o
                0x000000000800148a                DebugMon_Handler
 .text.PendSV_Handler
                0x0000000008001498        0xe ./Core/Src/stm32f3xx_it.o
                0x0000000008001498                PendSV_Handler
 *fill*         0x00000000080014a6        0x2 
 .text.SysTick_Handler
                0x00000000080014a8       0x24 ./Core/Src/stm32f3xx_it.o
                0x00000000080014a8                SysTick_Handler
 .text.EXTI3_IRQHandler
                0x00000000080014cc        0xe ./Core/Src/stm32f3xx_it.o
                0x00000000080014cc                EXTI3_IRQHandler
 *fill*         0x00000000080014da        0x2 
 .text.TIM3_IRQHandler
                0x00000000080014dc       0x24 ./Core/Src/stm32f3xx_it.o
                0x00000000080014dc                TIM3_IRQHandler
 .text.I2C1_EV_IRQHandler
                0x0000000008001500        0xc ./Core/Src/stm32f3xx_it.o
                0x0000000008001500                I2C1_EV_IRQHandler
 .text.SystemInit
                0x000000000800150c       0x24 ./Core/Src/system_stm32f3xx.o
                0x000000000800150c                SystemInit
 .text.__NVIC_GetPriorityGrouping
                0x0000000008001530       0x1c ./Core/Src/tim.o
 .text.__NVIC_EnableIRQ
                0x000000000800154c       0x3c ./Core/Src/tim.o
 .text.__NVIC_SetPriority
                0x0000000008001588       0x54 ./Core/Src/tim.o
 .text.NVIC_EncodePriority
                0x00000000080015dc       0x66 ./Core/Src/tim.o
 *fill*         0x0000000008001642        0x2 
 .text.LL_APB1_GRP1_EnableClock
                0x0000000008001644       0x30 ./Core/Src/tim.o
 .text.LL_SYSTICK_EnableIT
                0x0000000008001674       0x20 ./Core/Src/tim.o
 .text.LL_TIM_EnableCounter
                0x0000000008001694       0x20 ./Core/Src/tim.o
 .text.LL_TIM_EnableARRPreload
                0x00000000080016b4       0x20 ./Core/Src/tim.o
 .text.LL_TIM_OC_DisableFast
                0x00000000080016d4       0xa4 ./Core/Src/tim.o
 .text.LL_TIM_SetClockSource
                0x0000000008001778       0x2a ./Core/Src/tim.o
 .text.LL_TIM_SetTriggerOutput
                0x00000000080017a2       0x26 ./Core/Src/tim.o
 .text.LL_TIM_DisableMasterSlaveMode
                0x00000000080017c8       0x20 ./Core/Src/tim.o
 .text.LL_TIM_EnableIT_UPDATE
                0x00000000080017e8       0x20 ./Core/Src/tim.o
 .text.Systick_Init
                0x0000000008001808       0x24 ./Core/Src/tim.o
                0x0000000008001808                Systick_Init
 .text.MX_TIM3_Init
                0x000000000800182c       0xc4 ./Core/Src/tim.o
                0x000000000800182c                MX_TIM3_Init
 .text.Reset_Handler
                0x00000000080018f0       0x50 ./Core/Startup/startup_stm32f303k8tx.o
                0x00000000080018f0                Reset_Handler
 .text.Default_Handler
                0x0000000008001940        0x2 ./Core/Startup/startup_stm32f303k8tx.o
                0x0000000008001940                RTC_Alarm_IRQHandler
                0x0000000008001940                TIM1_CC_IRQHandler
                0x0000000008001940                PVD_IRQHandler
                0x0000000008001940                TAMP_STAMP_IRQHandler
                0x0000000008001940                EXTI0_IRQHandler
                0x0000000008001940                FPU_IRQHandler
                0x0000000008001940                CAN_TX_IRQHandler
                0x0000000008001940                TIM1_UP_TIM16_IRQHandler
                0x0000000008001940                ADC1_2_IRQHandler
                0x0000000008001940                SPI1_IRQHandler
                0x0000000008001940                CAN_SCE_IRQHandler
                0x0000000008001940                DMA1_Channel4_IRQHandler
                0x0000000008001940                USART3_IRQHandler
                0x0000000008001940                DMA1_Channel7_IRQHandler
                0x0000000008001940                TIM7_DAC2_IRQHandler
                0x0000000008001940                CAN_RX1_IRQHandler
                0x0000000008001940                DMA1_Channel6_IRQHandler
                0x0000000008001940                RCC_IRQHandler
                0x0000000008001940                DMA1_Channel1_IRQHandler
                0x0000000008001940                Default_Handler
                0x0000000008001940                EXTI15_10_IRQHandler
                0x0000000008001940                COMP2_IRQHandler
                0x0000000008001940                TIM6_DAC1_IRQHandler
                0x0000000008001940                EXTI9_5_IRQHandler
                0x0000000008001940                RTC_WKUP_IRQHandler
                0x0000000008001940                DMA1_Channel5_IRQHandler
                0x0000000008001940                EXTI4_IRQHandler
                0x0000000008001940                TIM1_TRG_COM_TIM17_IRQHandler
                0x0000000008001940                DMA1_Channel3_IRQHandler
                0x0000000008001940                WWDG_IRQHandler
                0x0000000008001940                TIM2_IRQHandler
                0x0000000008001940                EXTI1_IRQHandler
                0x0000000008001940                COMP4_6_IRQHandler
                0x0000000008001940                USART2_IRQHandler
                0x0000000008001940                DMA1_Channel2_IRQHandler
                0x0000000008001940                FLASH_IRQHandler
                0x0000000008001940                USART1_IRQHandler
                0x0000000008001940                CAN_RX0_IRQHandler
                0x0000000008001940                I2C1_ER_IRQHandler
                0x0000000008001940                EXTI2_TSC_IRQHandler
                0x0000000008001940                TIM1_BRK_TIM15_IRQHandler
 *fill*         0x0000000008001942        0x2 
 .text.LL_EXTI_EnableIT_0_31
                0x0000000008001944       0x24 ./Drivers/STM32F3xx_HAL_Driver/Src/stm32f3xx_ll_exti.o
 .text.LL_EXTI_EnableIT_32_63
                0x0000000008001968       0x24 ./Drivers/STM32F3xx_HAL_Driver/Src/stm32f3xx_ll_exti.o
 .text.LL_EXTI_DisableIT_0_31
                0x000000000800198c       0x28 ./Drivers/STM32F3xx_HAL_Driver/Src/stm32f3xx_ll_exti.o
 .text.LL_EXTI_DisableIT_32_63
                0x00000000080019b4       0x28 ./Drivers/STM32F3xx_HAL_Driver/Src/stm32f3xx_ll_exti.o
 .text.LL_EXTI_EnableEvent_0_31
                0x00000000080019dc       0x24 ./Drivers/STM32F3xx_HAL_Driver/Src/stm32f3xx_ll_exti.o
 .text.LL_EXTI_EnableEvent_32_63
                0x0000000008001a00       0x24 ./Drivers/STM32F3xx_HAL_Driver/Src/stm32f3xx_ll_exti.o
 .text.LL_EXTI_DisableEvent_0_31
                0x0000000008001a24       0x28 ./Drivers/STM32F3xx_HAL_Driver/Src/stm32f3xx_ll_exti.o
 .text.LL_EXTI_DisableEvent_32_63
                0x0000000008001a4c       0x28 ./Drivers/STM32F3xx_HAL_Driver/Src/stm32f3xx_ll_exti.o
 .text.LL_EXTI_EnableRisingTrig_0_31
                0x0000000008001a74       0x24 ./Drivers/STM32F3xx_HAL_Driver/Src/stm32f3xx_ll_exti.o
 .text.LL_EXTI_EnableRisingTrig_32_63
                0x0000000008001a98       0x24 ./Drivers/STM32F3xx_HAL_Driver/Src/stm32f3xx_ll_exti.o
 .text.LL_EXTI_DisableRisingTrig_0_31
                0x0000000008001abc       0x28 ./Drivers/STM32F3xx_HAL_Driver/Src/stm32f3xx_ll_exti.o
 .text.LL_EXTI_DisableRisingTrig_32_63
                0x0000000008001ae4       0x28 ./Drivers/STM32F3xx_HAL_Driver/Src/stm32f3xx_ll_exti.o
 .text.LL_EXTI_EnableFallingTrig_0_31
                0x0000000008001b0c       0x24 ./Drivers/STM32F3xx_HAL_Driver/Src/stm32f3xx_ll_exti.o
 .text.LL_EXTI_EnableFallingTrig_32_63
                0x0000000008001b30       0x24 ./Drivers/STM32F3xx_HAL_Driver/Src/stm32f3xx_ll_exti.o
 .text.LL_EXTI_DisableFallingTrig_0_31
                0x0000000008001b54       0x28 ./Drivers/STM32F3xx_HAL_Driver/Src/stm32f3xx_ll_exti.o
 .text.LL_EXTI_DisableFallingTrig_32_63
                0x0000000008001b7c       0x28 ./Drivers/STM32F3xx_HAL_Driver/Src/stm32f3xx_ll_exti.o
 .text.LL_EXTI_Init
                0x0000000008001ba4      0x1e6 ./Drivers/STM32F3xx_HAL_Driver/Src/stm32f3xx_ll_exti.o
                0x0000000008001ba4                LL_EXTI_Init
 .text.LL_GPIO_SetPinMode
                0x0000000008001d8a       0x5e ./Drivers/STM32F3xx_HAL_Driver/Src/stm32f3xx_ll_gpio.o
 .text.LL_GPIO_SetPinOutputType
                0x0000000008001de8       0x30 ./Drivers/STM32F3xx_HAL_Driver/Src/stm32f3xx_ll_gpio.o
 .text.LL_GPIO_SetPinSpeed
                0x0000000008001e18       0x5e ./Drivers/STM32F3xx_HAL_Driver/Src/stm32f3xx_ll_gpio.o
 .text.LL_GPIO_SetPinPull
                0x0000000008001e76       0x5e ./Drivers/STM32F3xx_HAL_Driver/Src/stm32f3xx_ll_gpio.o
 .text.LL_GPIO_SetAFPin_0_7
                0x0000000008001ed4       0x5e ./Drivers/STM32F3xx_HAL_Driver/Src/stm32f3xx_ll_gpio.o
 .text.LL_GPIO_SetAFPin_8_15
                0x0000000008001f32       0x62 ./Drivers/STM32F3xx_HAL_Driver/Src/stm32f3xx_ll_gpio.o
 .text.LL_GPIO_Init
                0x0000000008001f94       0xe0 ./Drivers/STM32F3xx_HAL_Driver/Src/stm32f3xx_ll_gpio.o
                0x0000000008001f94                LL_GPIO_Init
 .text.LL_I2C_Enable
                0x0000000008002074       0x20 ./Drivers/STM32F3xx_HAL_Driver/Src/stm32f3xx_ll_i2c.o
 .text.LL_I2C_Disable
                0x0000000008002094       0x20 ./Drivers/STM32F3xx_HAL_Driver/Src/stm32f3xx_ll_i2c.o
 .text.LL_I2C_ConfigFilters
                0x00000000080020b4       0x2e ./Drivers/STM32F3xx_HAL_Driver/Src/stm32f3xx_ll_i2c.o
 .text.LL_I2C_SetOwnAddress1
                0x00000000080020e2       0x30 ./Drivers/STM32F3xx_HAL_Driver/Src/stm32f3xx_ll_i2c.o
 .text.LL_I2C_EnableOwnAddress1
                0x0000000008002112       0x20 ./Drivers/STM32F3xx_HAL_Driver/Src/stm32f3xx_ll_i2c.o
 .text.LL_I2C_DisableOwnAddress1
                0x0000000008002132       0x20 ./Drivers/STM32F3xx_HAL_Driver/Src/stm32f3xx_ll_i2c.o
 .text.LL_I2C_SetTiming
                0x0000000008002152       0x1c ./Drivers/STM32F3xx_HAL_Driver/Src/stm32f3xx_ll_i2c.o
 .text.LL_I2C_SetMode
                0x000000000800216e       0x26 ./Drivers/STM32F3xx_HAL_Driver/Src/stm32f3xx_ll_i2c.o
 .text.LL_I2C_AcknowledgeNextData
                0x0000000008002194       0x26 ./Drivers/STM32F3xx_HAL_Driver/Src/stm32f3xx_ll_i2c.o
 .text.LL_I2C_Init
                0x00000000080021ba       0x78 ./Drivers/STM32F3xx_HAL_Driver/Src/stm32f3xx_ll_i2c.o
                0x00000000080021ba                LL_I2C_Init
 .text.LL_TIM_SetPrescaler
                0x0000000008002232       0x1c ./Drivers/STM32F3xx_HAL_Driver/Src/stm32f3xx_ll_tim.o
 .text.LL_TIM_SetAutoReload
                0x000000000800224e       0x1c ./Drivers/STM32F3xx_HAL_Driver/Src/stm32f3xx_ll_tim.o
 .text.LL_TIM_SetRepetitionCounter
                0x000000000800226a       0x1c ./Drivers/STM32F3xx_HAL_Driver/Src/stm32f3xx_ll_tim.o
 .text.LL_TIM_OC_SetCompareCH1
                0x0000000008002286       0x1c ./Drivers/STM32F3xx_HAL_Driver/Src/stm32f3xx_ll_tim.o
 .text.LL_TIM_OC_SetCompareCH2
                0x00000000080022a2       0x1c ./Drivers/STM32F3xx_HAL_Driver/Src/stm32f3xx_ll_tim.o
 .text.LL_TIM_OC_SetCompareCH3
                0x00000000080022be       0x1c ./Drivers/STM32F3xx_HAL_Driver/Src/stm32f3xx_ll_tim.o
 .text.LL_TIM_OC_SetCompareCH4
                0x00000000080022da       0x1c ./Drivers/STM32F3xx_HAL_Driver/Src/stm32f3xx_ll_tim.o
 .text.LL_TIM_OC_SetCompareCH5
                0x00000000080022f6       0x20 ./Drivers/STM32F3xx_HAL_Driver/Src/stm32f3xx_ll_tim.o
 .text.LL_TIM_OC_SetCompareCH6
                0x0000000008002316       0x1c ./Drivers/STM32F3xx_HAL_Driver/Src/stm32f3xx_ll_tim.o
 .text.LL_TIM_GenerateEvent_UPDATE
                0x0000000008002332       0x20 ./Drivers/STM32F3xx_HAL_Driver/Src/stm32f3xx_ll_tim.o
 *fill*         0x0000000008002352        0x2 
 .text.LL_TIM_Init
                0x0000000008002354       0xe4 ./Drivers/STM32F3xx_HAL_Driver/Src/stm32f3xx_ll_tim.o
                0x0000000008002354                LL_TIM_Init
 .text.LL_TIM_OC_Init
                0x0000000008002438       0xbe ./Drivers/STM32F3xx_HAL_Driver/Src/stm32f3xx_ll_tim.o
                0x0000000008002438                LL_TIM_OC_Init
 *fill*         0x00000000080024f6        0x2 
 .text.OC1Config
                0x00000000080024f8       0xf4 ./Drivers/STM32F3xx_HAL_Driver/Src/stm32f3xx_ll_tim.o
 .text.OC2Config
                0x00000000080025ec       0xfc ./Drivers/STM32F3xx_HAL_Driver/Src/stm32f3xx_ll_tim.o
 .text.OC3Config
                0x00000000080026e8       0xfc ./Drivers/STM32F3xx_HAL_Driver/Src/stm32f3xx_ll_tim.o
 .text.OC4Config
                0x00000000080027e4       0xcc ./Drivers/STM32F3xx_HAL_Driver/Src/stm32f3xx_ll_tim.o
 .text.OC5Config
                0x00000000080028b0       0xbc ./Drivers/STM32F3xx_HAL_Driver/Src/stm32f3xx_ll_tim.o
 .text.OC6Config
                0x000000000800296c       0xbc ./Drivers/STM32F3xx_HAL_Driver/Src/stm32f3xx_ll_tim.o
 .text.LL_InitTick
                0x0000000008002a28       0x34 ./Drivers/STM32F3xx_HAL_Driver/Src/stm32f3xx_ll_utils.o
 .text.LL_Init1msTick
                0x0000000008002a5c       0x1a ./Drivers/STM32F3xx_HAL_Driver/Src/stm32f3xx_ll_utils.o
                0x0000000008002a5c                LL_Init1msTick
 *fill*         0x0000000008002a76        0x2 
 .text.LL_mDelay
                0x0000000008002a78       0x4c ./Drivers/STM32F3xx_HAL_Driver/Src/stm32f3xx_ll_utils.o
                0x0000000008002a78                LL_mDelay
 .text.LL_SetSystemCoreClock
                0x0000000008002ac4       0x20 ./Drivers/STM32F3xx_HAL_Driver/Src/stm32f3xx_ll_utils.o
                0x0000000008002ac4                LL_SetSystemCoreClock
 .text.__libc_init_array
                0x0000000008002ae4       0x48 e:/st/stm32cubeide_1.7.0/stm32cubeide/plugins/com.st.stm32cube.ide.mcu.externaltools.gnu-tools-for-stm32.9-2020-q2-update.win32_2.0.0.202105311346/tools/bin/../lib/gcc/arm-none-eabi/9.3.1/../../../../arm-none-eabi/lib/thumb/v7e-m+fp/hard\libc_nano.a(lib_a-init.o)
                0x0000000008002ae4                __libc_init_array
 .text.memset   0x0000000008002b2c       0x10 e:/st/stm32cubeide_1.7.0/stm32cubeide/plugins/com.st.stm32cube.ide.mcu.externaltools.gnu-tools-for-stm32.9-2020-q2-update.win32_2.0.0.202105311346/tools/bin/../lib/gcc/arm-none-eabi/9.3.1/../../../../arm-none-eabi/lib/thumb/v7e-m+fp/hard\libc_nano.a(lib_a-memset.o)
                0x0000000008002b2c                memset
 *(.glue_7)
 .glue_7        0x0000000008002b3c        0x0 linker stubs
 *(.glue_7t)
 .glue_7t       0x0000000008002b3c        0x0 linker stubs
 *(.eh_frame)
 .eh_frame      0x0000000008002b3c        0x0 e:/st/stm32cubeide_1.7.0/stm32cubeide/plugins/com.st.stm32cube.ide.mcu.externaltools.gnu-tools-for-stm32.9-2020-q2-update.win32_2.0.0.202105311346/tools/bin/../lib/gcc/arm-none-eabi/9.3.1/thumb/v7e-m+fp/hard/crtbegin.o
 *(.init)
 .init          0x0000000008002b3c        0x4 e:/st/stm32cubeide_1.7.0/stm32cubeide/plugins/com.st.stm32cube.ide.mcu.externaltools.gnu-tools-for-stm32.9-2020-q2-update.win32_2.0.0.202105311346/tools/bin/../lib/gcc/arm-none-eabi/9.3.1/thumb/v7e-m+fp/hard/crti.o
                0x0000000008002b3c                _init
 .init          0x0000000008002b40        0x8 e:/st/stm32cubeide_1.7.0/stm32cubeide/plugins/com.st.stm32cube.ide.mcu.externaltools.gnu-tools-for-stm32.9-2020-q2-update.win32_2.0.0.202105311346/tools/bin/../lib/gcc/arm-none-eabi/9.3.1/thumb/v7e-m+fp/hard/crtn.o
 *(.fini)
 .fini          0x0000000008002b48        0x4 e:/st/stm32cubeide_1.7.0/stm32cubeide/plugins/com.st.stm32cube.ide.mcu.externaltools.gnu-tools-for-stm32.9-2020-q2-update.win32_2.0.0.202105311346/tools/bin/../lib/gcc/arm-none-eabi/9.3.1/thumb/v7e-m+fp/hard/crti.o
                0x0000000008002b48                _fini
 .fini          0x0000000008002b4c        0x8 e:/st/stm32cubeide_1.7.0/stm32cubeide/plugins/com.st.stm32cube.ide.mcu.externaltools.gnu-tools-for-stm32.9-2020-q2-update.win32_2.0.0.202105311346/tools/bin/../lib/gcc/arm-none-eabi/9.3.1/thumb/v7e-m+fp/hard/crtn.o
                0x0000000008002b54                . = ALIGN (0x4)
                0x0000000008002b54                _etext = .

.vfp11_veneer   0x0000000008002b54        0x0
 .vfp11_veneer  0x0000000008002b54        0x0 linker stubs

.v4_bx          0x0000000008002b54        0x0
 .v4_bx         0x0000000008002b54        0x0 linker stubs

.iplt           0x0000000008002b54        0x0
 .iplt          0x0000000008002b54        0x0 e:/st/stm32cubeide_1.7.0/stm32cubeide/plugins/com.st.stm32cube.ide.mcu.externaltools.gnu-tools-for-stm32.9-2020-q2-update.win32_2.0.0.202105311346/tools/bin/../lib/gcc/arm-none-eabi/9.3.1/thumb/v7e-m+fp/hard/crtbegin.o

.rodata         0x0000000008002b54       0x84
                0x0000000008002b54                . = ALIGN (0x4)
 *(.rodata)
 .rodata        0x0000000008002b54       0x1f ./Core/Src/main.o
 *(.rodata*)
 *fill*         0x0000000008002b73        0x1 
 .rodata.seven_seg_digits_decode_abcdefg
                0x0000000008002b74       0x4b ./Core/Src/display.o
                0x0000000008002b74                seven_seg_digits_decode_abcdefg
 *fill*         0x0000000008002bbf        0x1 
 .rodata.OFFSET_TAB_CCMRx
                0x0000000008002bc0        0x9 ./Core/Src/tim.o
 *fill*         0x0000000008002bc9        0x3 
 .rodata.SHIFT_TAB_OCxx
                0x0000000008002bcc        0x9 ./Core/Src/tim.o
                0x0000000008002bd8                . = ALIGN (0x4)
 *fill*         0x0000000008002bd5        0x3 

.rel.dyn        0x0000000008002bd8        0x0
 .rel.iplt      0x0000000008002bd8        0x0 e:/st/stm32cubeide_1.7.0/stm32cubeide/plugins/com.st.stm32cube.ide.mcu.externaltools.gnu-tools-for-stm32.9-2020-q2-update.win32_2.0.0.202105311346/tools/bin/../lib/gcc/arm-none-eabi/9.3.1/thumb/v7e-m+fp/hard/crtbegin.o

.ARM.extab      0x0000000008002bd8        0x0
                0x0000000008002bd8                . = ALIGN (0x4)
 *(.ARM.extab* .gnu.linkonce.armextab.*)
                0x0000000008002bd8                . = ALIGN (0x4)

.ARM            0x0000000008002bd8        0x0
                0x0000000008002bd8                . = ALIGN (0x4)
                0x0000000008002bd8                __exidx_start = .
 *(.ARM.exidx*)
                0x0000000008002bd8                __exidx_end = .
                0x0000000008002bd8                . = ALIGN (0x4)

.preinit_array  0x0000000008002bd8        0x0
                0x0000000008002bd8                . = ALIGN (0x4)
                0x0000000008002bd8                PROVIDE (__preinit_array_start = .)
 *(.preinit_array*)
                0x0000000008002bd8                PROVIDE (__preinit_array_end = .)
                0x0000000008002bd8                . = ALIGN (0x4)

.init_array     0x0000000008002bd8        0x4
                0x0000000008002bd8                . = ALIGN (0x4)
                0x0000000008002bd8                PROVIDE (__init_array_start = .)
 *(SORT_BY_NAME(.init_array.*))
 *(.init_array*)
 .init_array    0x0000000008002bd8        0x4 e:/st/stm32cubeide_1.7.0/stm32cubeide/plugins/com.st.stm32cube.ide.mcu.externaltools.gnu-tools-for-stm32.9-2020-q2-update.win32_2.0.0.202105311346/tools/bin/../lib/gcc/arm-none-eabi/9.3.1/thumb/v7e-m+fp/hard/crtbegin.o
                0x0000000008002bdc                PROVIDE (__init_array_end = .)
                0x0000000008002bdc                . = ALIGN (0x4)

.fini_array     0x0000000008002bdc        0x4
                0x0000000008002bdc                . = ALIGN (0x4)
                [!provide]                        PROVIDE (__fini_array_start = .)
 *(SORT_BY_NAME(.fini_array.*))
 *(.fini_array*)
 .fini_array    0x0000000008002bdc        0x4 e:/st/stm32cubeide_1.7.0/stm32cubeide/plugins/com.st.stm32cube.ide.mcu.externaltools.gnu-tools-for-stm32.9-2020-q2-update.win32_2.0.0.202105311346/tools/bin/../lib/gcc/arm-none-eabi/9.3.1/thumb/v7e-m+fp/hard/crtbegin.o
                [!provide]                        PROVIDE (__fini_array_end = .)
                0x0000000008002be0                . = ALIGN (0x4)
                0x0000000008002be0                _sidata = LOADADDR (.data)

.data           0x0000000020000000        0x8 load address 0x0000000008002be0
                0x0000000020000000                . = ALIGN (0x4)
                0x0000000020000000                _sdata = .
 *(.data)
 *(.data*)
 .data.right    0x0000000020000000        0x4 ./Core/Src/main.o
                0x0000000020000000                right
 .data.SystemCoreClock
                0x0000000020000004        0x4 ./Core/Src/system_stm32f3xx.o
                0x0000000020000004                SystemCoreClock
 *(.RamFunc)
 *(.RamFunc*)
                0x0000000020000008                . = ALIGN (0x4)
                0x0000000020000008                _edata = .
                0x0000000008002be8                _siccmram = LOADADDR (.ccmram)

.igot.plt       0x0000000020000008        0x0 load address 0x0000000008002be8
 .igot.plt      0x0000000020000008        0x0 e:/st/stm32cubeide_1.7.0/stm32cubeide/plugins/com.st.stm32cube.ide.mcu.externaltools.gnu-tools-for-stm32.9-2020-q2-update.win32_2.0.0.202105311346/tools/bin/../lib/gcc/arm-none-eabi/9.3.1/thumb/v7e-m+fp/hard/crtbegin.o

.ccmram         0x0000000010000000        0x0 load address 0x0000000008002be8
                0x0000000010000000                . = ALIGN (0x4)
                0x0000000010000000                _sccmram = .
 *(.ccmram)
 *(.ccmram*)
                0x0000000010000000                . = ALIGN (0x4)
                0x0000000010000000                _eccmram = .
                0x0000000010000000                . = ALIGN (0x4)

.bss            0x0000000020000008       0xb4
                0x0000000020000008                _sbss = .
                0x0000000020000008                __bss_start__ = _sbss
 *(.bss)
 .bss           0x0000000020000008       0x1c e:/st/stm32cubeide_1.7.0/stm32cubeide/plugins/com.st.stm32cube.ide.mcu.externaltools.gnu-tools-for-stm32.9-2020-q2-update.win32_2.0.0.202105311346/tools/bin/../lib/gcc/arm-none-eabi/9.3.1/thumb/v7e-m+fp/hard/crtbegin.o
 *(.bss*)
 *fill*         0x0000000020000024        0x4 
 .bss.disp_time
                0x0000000020000028        0x8 ./Core/Src/display.o
                0x0000000020000028                disp_time
 .bss.disp_time_saved
                0x0000000020000030        0x8 ./Core/Src/display.o
                0x0000000020000030                disp_time_saved
 .bss.end_of_read_flag
                0x0000000020000038        0x1 ./Core/Src/i2c.o
                0x0000000020000038                end_of_read_flag
 .bss.ubReceiveIndex
                0x0000000020000039        0x1 ./Core/Src/i2c.o
                0x0000000020000039                ubReceiveIndex
 .bss.data      0x000000002000003a        0x1 ./Core/Src/iks01a1.o
                0x000000002000003a                data
 *fill*         0x000000002000003b        0x1 
 .bss.act_index
                0x000000002000003c        0x4 ./Core/Src/main.o
                0x000000002000003c                act_index
 *(COMMON)
 COMMON         0x0000000020000040        0x4 ./Core/Src/display.o
                0x0000000020000040                Display_sign
 COMMON         0x0000000020000044        0x4 ./Core/Src/i2c.o
                0x0000000020000044                aReceiveBuffer_read
 COMMON         0x0000000020000048       0x74 ./Core/Src/main.o
                0x0000000020000048                mode
                0x0000000020000049                error
                0x0000000020000050                saved_time
                0x0000000020000058                display_text
                0x00000000200000bc                . = ALIGN (0x4)
                0x00000000200000bc                _ebss = .
                0x00000000200000bc                __bss_end__ = _ebss

._user_heap_stack
                0x00000000200000bc      0x604
                0x00000000200000c0                . = ALIGN (0x8)
 *fill*         0x00000000200000bc        0x4 
                [!provide]                        PROVIDE (end = .)
                0x00000000200000c0                PROVIDE (_end = .)
                0x00000000200002c0                . = (. + _Min_Heap_Size)
 *fill*         0x00000000200000c0      0x200 
                0x00000000200006c0                . = (. + _Min_Stack_Size)
 *fill*         0x00000000200002c0      0x400 
                0x00000000200006c0                . = ALIGN (0x8)

/DISCARD/
 libc.a(*)
 libm.a(*)
 libgcc.a(*)

.ARM.attributes
                0x0000000000000000       0x30
 *(.ARM.attributes)
 .ARM.attributes
                0x0000000000000000       0x1e e:/st/stm32cubeide_1.7.0/stm32cubeide/plugins/com.st.stm32cube.ide.mcu.externaltools.gnu-tools-for-stm32.9-2020-q2-update.win32_2.0.0.202105311346/tools/bin/../lib/gcc/arm-none-eabi/9.3.1/thumb/v7e-m+fp/hard/crti.o
 .ARM.attributes
                0x000000000000001e       0x34 e:/st/stm32cubeide_1.7.0/stm32cubeide/plugins/com.st.stm32cube.ide.mcu.externaltools.gnu-tools-for-stm32.9-2020-q2-update.win32_2.0.0.202105311346/tools/bin/../lib/gcc/arm-none-eabi/9.3.1/thumb/v7e-m+fp/hard/crtbegin.o
 .ARM.attributes
                0x0000000000000052       0x34 ./Core/Src/display.o
 .ARM.attributes
                0x0000000000000086       0x34 ./Core/Src/gpio.o
 .ARM.attributes
                0x00000000000000ba       0x34 ./Core/Src/i2c.o
 .ARM.attributes
                0x00000000000000ee       0x34 ./Core/Src/iks01a1.o
 .ARM.attributes
                0x0000000000000122       0x34 ./Core/Src/main.o
 .ARM.attributes
                0x0000000000000156       0x34 ./Core/Src/stm32f3xx_it.o
 .ARM.attributes
                0x000000000000018a       0x34 ./Core/Src/system_stm32f3xx.o
 .ARM.attributes
                0x00000000000001be       0x34 ./Core/Src/tim.o
 .ARM.attributes
                0x00000000000001f2       0x21 ./Core/Startup/startup_stm32f303k8tx.o
 .ARM.attributes
                0x0000000000000213       0x34 ./Drivers/STM32F3xx_HAL_Driver/Src/stm32f3xx_ll_exti.o
 .ARM.attributes
                0x0000000000000247       0x34 ./Drivers/STM32F3xx_HAL_Driver/Src/stm32f3xx_ll_gpio.o
 .ARM.attributes
                0x000000000000027b       0x34 ./Drivers/STM32F3xx_HAL_Driver/Src/stm32f3xx_ll_i2c.o
 .ARM.attributes
                0x00000000000002af       0x34 ./Drivers/STM32F3xx_HAL_Driver/Src/stm32f3xx_ll_tim.o
 .ARM.attributes
                0x00000000000002e3       0x34 ./Drivers/STM32F3xx_HAL_Driver/Src/stm32f3xx_ll_utils.o
 .ARM.attributes
                0x0000000000000317       0x34 e:/st/stm32cubeide_1.7.0/stm32cubeide/plugins/com.st.stm32cube.ide.mcu.externaltools.gnu-tools-for-stm32.9-2020-q2-update.win32_2.0.0.202105311346/tools/bin/../lib/gcc/arm-none-eabi/9.3.1/../../../../arm-none-eabi/lib/thumb/v7e-m+fp/hard\libc_nano.a(lib_a-init.o)
 .ARM.attributes
                0x000000000000034b       0x34 e:/st/stm32cubeide_1.7.0/stm32cubeide/plugins/com.st.stm32cube.ide.mcu.externaltools.gnu-tools-for-stm32.9-2020-q2-update.win32_2.0.0.202105311346/tools/bin/../lib/gcc/arm-none-eabi/9.3.1/../../../../arm-none-eabi/lib/thumb/v7e-m+fp/hard\libc_nano.a(lib_a-memset.o)
 .ARM.attributes
                0x000000000000037f       0x17 e:/st/stm32cubeide_1.7.0/stm32cubeide/plugins/com.st.stm32cube.ide.mcu.externaltools.gnu-tools-for-stm32.9-2020-q2-update.win32_2.0.0.202105311346/tools/bin/../lib/gcc/arm-none-eabi/9.3.1/../../../../arm-none-eabi/lib/thumb/v7e-m+fp/hard\libc_nano.a(lib_a-strlen.o)
 .ARM.attributes
                0x0000000000000396       0x1e e:/st/stm32cubeide_1.7.0/stm32cubeide/plugins/com.st.stm32cube.ide.mcu.externaltools.gnu-tools-for-stm32.9-2020-q2-update.win32_2.0.0.202105311346/tools/bin/../lib/gcc/arm-none-eabi/9.3.1/thumb/v7e-m+fp/hard/crtn.o
OUTPUT(VRS-zadanie-cv9.elf elf32-littlearm)
LOAD linker stubs
LOAD e:/st/stm32cubeide_1.7.0/stm32cubeide/plugins/com.st.stm32cube.ide.mcu.externaltools.gnu-tools-for-stm32.9-2020-q2-update.win32_2.0.0.202105311346/tools/bin/../lib/gcc/arm-none-eabi/9.3.1/../../../../arm-none-eabi/lib/thumb/v7e-m+fp/hard\libc.a
LOAD e:/st/stm32cubeide_1.7.0/stm32cubeide/plugins/com.st.stm32cube.ide.mcu.externaltools.gnu-tools-for-stm32.9-2020-q2-update.win32_2.0.0.202105311346/tools/bin/../lib/gcc/arm-none-eabi/9.3.1/../../../../arm-none-eabi/lib/thumb/v7e-m+fp/hard\libm.a
LOAD e:/st/stm32cubeide_1.7.0/stm32cubeide/plugins/com.st.stm32cube.ide.mcu.externaltools.gnu-tools-for-stm32.9-2020-q2-update.win32_2.0.0.202105311346/tools/bin/../lib/gcc/arm-none-eabi/9.3.1/thumb/v7e-m+fp/hard\libgcc.a

.debug_info     0x0000000000000000     0x8b0c
 .debug_info    0x0000000000000000      0xd2b ./Core/Src/display.o
 .debug_info    0x0000000000000d2b      0xcca ./Core/Src/gpio.o
 .debug_info    0x00000000000019f5      0xe92 ./Core/Src/i2c.o
 .debug_info    0x0000000000002887      0x269 ./Core/Src/iks01a1.o
 .debug_info    0x0000000000002af0     0x158c ./Core/Src/main.o
 .debug_info    0x000000000000407c      0xd38 ./Core/Src/stm32f3xx_it.o
 .debug_info    0x0000000000004db4      0x439 ./Core/Src/system_stm32f3xx.o
 .debug_info    0x00000000000051ed      0xc6c ./Core/Src/tim.o
 .debug_info    0x0000000000005e59       0x22 ./Core/Startup/startup_stm32f303k8tx.o
 .debug_info    0x0000000000005e7b      0x59b ./Drivers/STM32F3xx_HAL_Driver/Src/stm32f3xx_ll_exti.o
 .debug_info    0x0000000000006416      0x7ce ./Drivers/STM32F3xx_HAL_Driver/Src/stm32f3xx_ll_gpio.o
 .debug_info    0x0000000000006be4      0x601 ./Drivers/STM32F3xx_HAL_Driver/Src/stm32f3xx_ll_i2c.o
 .debug_info    0x00000000000071e5     0x1092 ./Drivers/STM32F3xx_HAL_Driver/Src/stm32f3xx_ll_tim.o
 .debug_info    0x0000000000008277      0x895 ./Drivers/STM32F3xx_HAL_Driver/Src/stm32f3xx_ll_utils.o

.debug_abbrev   0x0000000000000000     0x1bdf
 .debug_abbrev  0x0000000000000000      0x285 ./Core/Src/display.o
 .debug_abbrev  0x0000000000000285      0x272 ./Core/Src/gpio.o
 .debug_abbrev  0x00000000000004f7      0x256 ./Core/Src/i2c.o
 .debug_abbrev  0x000000000000074d      0x102 ./Core/Src/iks01a1.o
 .debug_abbrev  0x000000000000084f      0x35c ./Core/Src/main.o
 .debug_abbrev  0x0000000000000bab      0x24e ./Core/Src/stm32f3xx_it.o
 .debug_abbrev  0x0000000000000df9      0x129 ./Core/Src/system_stm32f3xx.o
 .debug_abbrev  0x0000000000000f22      0x21b ./Core/Src/tim.o
 .debug_abbrev  0x000000000000113d       0x12 ./Core/Startup/startup_stm32f303k8tx.o
 .debug_abbrev  0x000000000000114f      0x1c2 ./Drivers/STM32F3xx_HAL_Driver/Src/stm32f3xx_ll_exti.o
 .debug_abbrev  0x0000000000001311      0x23b ./Drivers/STM32F3xx_HAL_Driver/Src/stm32f3xx_ll_gpio.o
 .debug_abbrev  0x000000000000154c      0x1a6 ./Drivers/STM32F3xx_HAL_Driver/Src/stm32f3xx_ll_i2c.o
 .debug_abbrev  0x00000000000016f2      0x22b ./Drivers/STM32F3xx_HAL_Driver/Src/stm32f3xx_ll_tim.o
 .debug_abbrev  0x000000000000191d      0x2c2 ./Drivers/STM32F3xx_HAL_Driver/Src/stm32f3xx_ll_utils.o

.debug_aranges  0x0000000000000000      0x7f0
 .debug_aranges
                0x0000000000000000       0x68 ./Core/Src/display.o
 .debug_aranges
                0x0000000000000068       0x68 ./Core/Src/gpio.o
 .debug_aranges
                0x00000000000000d0       0xe0 ./Core/Src/i2c.o
 .debug_aranges
                0x00000000000001b0       0x38 ./Core/Src/iks01a1.o
 .debug_aranges
                0x00000000000001e8       0xc0 ./Core/Src/main.o
 .debug_aranges
                0x00000000000002a8       0x88 ./Core/Src/stm32f3xx_it.o
 .debug_aranges
                0x0000000000000330       0x28 ./Core/Src/system_stm32f3xx.o
 .debug_aranges
                0x0000000000000358       0x90 ./Core/Src/tim.o
 .debug_aranges
                0x00000000000003e8       0x28 ./Core/Startup/startup_stm32f303k8tx.o
 .debug_aranges
                0x0000000000000410       0xb0 ./Drivers/STM32F3xx_HAL_Driver/Src/stm32f3xx_ll_exti.o
 .debug_aranges
                0x00000000000004c0       0x70 ./Drivers/STM32F3xx_HAL_Driver/Src/stm32f3xx_ll_gpio.o
 .debug_aranges
                0x0000000000000530       0x88 ./Drivers/STM32F3xx_HAL_Driver/Src/stm32f3xx_ll_i2c.o
 .debug_aranges
                0x00000000000005b8      0x148 ./Drivers/STM32F3xx_HAL_Driver/Src/stm32f3xx_ll_tim.o
 .debug_aranges
                0x0000000000000700       0xf0 ./Drivers/STM32F3xx_HAL_Driver/Src/stm32f3xx_ll_utils.o

.debug_ranges   0x0000000000000000      0x718
 .debug_ranges  0x0000000000000000       0x58 ./Core/Src/display.o
 .debug_ranges  0x0000000000000058       0x58 ./Core/Src/gpio.o
 .debug_ranges  0x00000000000000b0       0xd0 ./Core/Src/i2c.o
 .debug_ranges  0x0000000000000180       0x28 ./Core/Src/iks01a1.o
 .debug_ranges  0x00000000000001a8       0xb0 ./Core/Src/main.o
 .debug_ranges  0x0000000000000258       0x78 ./Core/Src/stm32f3xx_it.o
 .debug_ranges  0x00000000000002d0       0x18 ./Core/Src/system_stm32f3xx.o
 .debug_ranges  0x00000000000002e8       0x80 ./Core/Src/tim.o
 .debug_ranges  0x0000000000000368       0x20 ./Core/Startup/startup_stm32f303k8tx.o
 .debug_ranges  0x0000000000000388       0xa0 ./Drivers/STM32F3xx_HAL_Driver/Src/stm32f3xx_ll_exti.o
 .debug_ranges  0x0000000000000428       0x60 ./Drivers/STM32F3xx_HAL_Driver/Src/stm32f3xx_ll_gpio.o
 .debug_ranges  0x0000000000000488       0x78 ./Drivers/STM32F3xx_HAL_Driver/Src/stm32f3xx_ll_i2c.o
 .debug_ranges  0x0000000000000500      0x138 ./Drivers/STM32F3xx_HAL_Driver/Src/stm32f3xx_ll_tim.o
 .debug_ranges  0x0000000000000638       0xe0 ./Drivers/STM32F3xx_HAL_Driver/Src/stm32f3xx_ll_utils.o

.debug_macro    0x0000000000000000    0x16fc2
 .debug_macro   0x0000000000000000      0x2d2 ./Core/Src/display.o
 .debug_macro   0x00000000000002d2      0xade ./Core/Src/display.o
 .debug_macro   0x0000000000000db0       0x2e ./Core/Src/display.o
 .debug_macro   0x0000000000000dde       0x28 ./Core/Src/display.o
 .debug_macro   0x0000000000000e06       0x22 ./Core/Src/display.o
 .debug_macro   0x0000000000000e28       0x8e ./Core/Src/display.o
 .debug_macro   0x0000000000000eb6       0x51 ./Core/Src/display.o
 .debug_macro   0x0000000000000f07      0x103 ./Core/Src/display.o
 .debug_macro   0x000000000000100a       0x6a ./Core/Src/display.o
 .debug_macro   0x0000000000001074      0x1df ./Core/Src/display.o
 .debug_macro   0x0000000000001253       0x1c ./Core/Src/display.o
 .debug_macro   0x000000000000126f       0x22 ./Core/Src/display.o
 .debug_macro   0x0000000000001291       0xdf ./Core/Src/display.o
 .debug_macro   0x0000000000001370      0xf07 ./Core/Src/display.o
 .debug_macro   0x0000000000002277    0x10be0 ./Core/Src/display.o
 .debug_macro   0x0000000000012e57       0x6d ./Core/Src/display.o
 .debug_macro   0x0000000000012ec4      0x248 ./Core/Src/display.o
 .debug_macro   0x000000000001310c      0x4c2 ./Core/Src/display.o
 .debug_macro   0x00000000000135ce       0xe1 ./Core/Src/display.o
 .debug_macro   0x00000000000136af      0x29f ./Core/Src/display.o
 .debug_macro   0x000000000001394e       0xfe ./Core/Src/display.o
 .debug_macro   0x0000000000013a4c       0x28 ./Core/Src/display.o
 .debug_macro   0x0000000000013a74       0x30 ./Core/Src/display.o
 .debug_macro   0x0000000000013aa4       0xa8 ./Core/Src/display.o
 .debug_macro   0x0000000000013b4c      0x287 ./Core/Src/display.o
 .debug_macro   0x0000000000013dd3      0x803 ./Core/Src/display.o
 .debug_macro   0x00000000000145d6      0x142 ./Core/Src/display.o
 .debug_macro   0x0000000000014718       0x22 ./Core/Src/display.o
 .debug_macro   0x000000000001473a       0x52 ./Core/Src/display.o
 .debug_macro   0x000000000001478c       0x18 ./Core/Src/display.o
 .debug_macro   0x00000000000147a4       0x3c ./Core/Src/display.o
 .debug_macro   0x00000000000147e0       0x34 ./Core/Src/display.o
 .debug_macro   0x0000000000014814       0x16 ./Core/Src/display.o
 .debug_macro   0x000000000001482a       0x97 ./Core/Src/display.o
 .debug_macro   0x00000000000148c1      0x333 ./Core/Src/display.o
 .debug_macro   0x0000000000014bf4       0xfd ./Core/Src/display.o
 .debug_macro   0x0000000000014cf1       0x10 ./Core/Src/display.o
 .debug_macro   0x0000000000014d01       0x16 ./Core/Src/display.o
 .debug_macro   0x0000000000014d17       0x43 ./Core/Src/display.o
 .debug_macro   0x0000000000014d5a       0x34 ./Core/Src/display.o
 .debug_macro   0x0000000000014d8e       0x10 ./Core/Src/display.o
 .debug_macro   0x0000000000014d9e       0x58 ./Core/Src/display.o
 .debug_macro   0x0000000000014df6       0x71 ./Core/Src/display.o
 .debug_macro   0x0000000000014e67       0x1c ./Core/Src/display.o
 .debug_macro   0x0000000000014e83      0x12a ./Core/Src/display.o
 .debug_macro   0x0000000000014fad       0x10 ./Core/Src/display.o
 .debug_macro   0x0000000000014fbd       0x1c ./Core/Src/display.o
 .debug_macro   0x0000000000014fd9       0x52 ./Core/Src/display.o
 .debug_macro   0x000000000001502b       0x22 ./Core/Src/display.o
 .debug_macro   0x000000000001504d       0x10 ./Core/Src/display.o
 .debug_macro   0x000000000001505d       0x40 ./Core/Src/display.o
 .debug_macro   0x000000000001509d       0xd5 ./Core/Src/display.o
 .debug_macro   0x0000000000015172       0x1c ./Core/Src/display.o
 .debug_macro   0x000000000001518e       0x3d ./Core/Src/display.o
 .debug_macro   0x00000000000151cb       0x16 ./Core/Src/display.o
 .debug_macro   0x00000000000151e1      0x145 ./Core/Src/display.o
 .debug_macro   0x0000000000015326       0x16 ./Core/Src/display.o
 .debug_macro   0x000000000001533c       0x35 ./Core/Src/display.o
 .debug_macro   0x0000000000015371       0x20 ./Core/Src/display.o
 .debug_macro   0x0000000000015391       0x82 ./Core/Src/display.o
 .debug_macro   0x0000000000015413      0x145 ./Core/Src/gpio.o
 .debug_macro   0x0000000000015558      0x13f ./Core/Src/i2c.o
 .debug_macro   0x0000000000015697      0x148 ./Core/Src/iks01a1.o
 .debug_macro   0x00000000000157df       0x3a ./Core/Src/iks01a1.o
 .debug_macro   0x0000000000015819      0x300 ./Core/Src/main.o
 .debug_macro   0x0000000000015b19       0x10 ./Core/Src/main.o
 .debug_macro   0x0000000000015b29      0x2e0 ./Core/Src/stm32f3xx_it.o
 .debug_macro   0x0000000000015e09       0xbd ./Core/Src/system_stm32f3xx.o
 .debug_macro   0x0000000000015ec6      0x13f ./Core/Src/tim.o
 .debug_macro   0x0000000000016005       0xea ./Drivers/STM32F3xx_HAL_Driver/Src/stm32f3xx_ll_exti.o
 .debug_macro   0x00000000000160ef       0xf8 ./Drivers/STM32F3xx_HAL_Driver/Src/stm32f3xx_ll_exti.o
 .debug_macro   0x00000000000161e7       0xff ./Drivers/STM32F3xx_HAL_Driver/Src/stm32f3xx_ll_gpio.o
 .debug_macro   0x00000000000162e6      0x13c ./Drivers/STM32F3xx_HAL_Driver/Src/stm32f3xx_ll_gpio.o
 .debug_macro   0x0000000000016422       0xff ./Drivers/STM32F3xx_HAL_Driver/Src/stm32f3xx_ll_i2c.o
 .debug_macro   0x0000000000016521      0x169 ./Drivers/STM32F3xx_HAL_Driver/Src/stm32f3xx_ll_tim.o
 .debug_macro   0x000000000001668a      0x7fd ./Drivers/STM32F3xx_HAL_Driver/Src/stm32f3xx_ll_tim.o
 .debug_macro   0x0000000000016e87      0x13b ./Drivers/STM32F3xx_HAL_Driver/Src/stm32f3xx_ll_utils.o

.debug_line     0x0000000000000000     0x6bec
 .debug_line    0x0000000000000000      0x962 ./Core/Src/display.o
 .debug_line    0x0000000000000962      0x799 ./Core/Src/gpio.o
 .debug_line    0x00000000000010fb      0x990 ./Core/Src/i2c.o
 .debug_line    0x0000000000001a8b      0x605 ./Core/Src/iks01a1.o
 .debug_line    0x0000000000002090      0xb8a ./Core/Src/main.o
 .debug_line    0x0000000000002c1a      0x921 ./Core/Src/stm32f3xx_it.o
 .debug_line    0x000000000000353b      0x4d8 ./Core/Src/system_stm32f3xx.o
 .debug_line    0x0000000000003a13      0x834 ./Core/Src/tim.o
 .debug_line    0x0000000000004247       0x88 ./Core/Startup/startup_stm32f303k8tx.o
 .debug_line    0x00000000000042cf      0x703 ./Drivers/STM32F3xx_HAL_Driver/Src/stm32f3xx_ll_exti.o
 .debug_line    0x00000000000049d2      0x73a ./Drivers/STM32F3xx_HAL_Driver/Src/stm32f3xx_ll_gpio.o
 .debug_line    0x000000000000510c      0x62c ./Drivers/STM32F3xx_HAL_Driver/Src/stm32f3xx_ll_i2c.o
 .debug_line    0x0000000000005738      0xba1 ./Drivers/STM32F3xx_HAL_Driver/Src/stm32f3xx_ll_tim.o
 .debug_line    0x00000000000062d9      0x913 ./Drivers/STM32F3xx_HAL_Driver/Src/stm32f3xx_ll_utils.o

.debug_str      0x0000000000000000    0x79b31
 .debug_str     0x0000000000000000    0x753cc ./Core/Src/display.o
                                      0x7567d (size before relaxing)
 .debug_str     0x00000000000753cc      0x5ab ./Core/Src/gpio.o
                                      0x71536 (size before relaxing)
 .debug_str     0x0000000000075977      0x307 ./Core/Src/i2c.o
                                      0x716b9 (size before relaxing)
 .debug_str     0x0000000000075c7e      0x15d ./Core/Src/iks01a1.o
                                      0x70f89 (size before relaxing)
 .debug_str     0x0000000000075ddb      0x23c ./Core/Src/main.o
                                      0x75e10 (size before relaxing)
 .debug_str     0x0000000000076017      0x17e ./Core/Src/stm32f3xx_it.o
                                      0x756da (size before relaxing)
 .debug_str     0x0000000000076195       0x5f ./Core/Src/system_stm32f3xx.o
                                      0x65712 (size before relaxing)
 .debug_str     0x00000000000761f4      0x1e5 ./Core/Src/tim.o
                                      0x7158f (size before relaxing)
 .debug_str     0x00000000000763d9       0x36 ./Core/Startup/startup_stm32f303k8tx.o
                                         0x73 (size before relaxing)
 .debug_str     0x000000000007640f      0x4b3 ./Drivers/STM32F3xx_HAL_Driver/Src/stm32f3xx_ll_exti.o
                                      0x66046 (size before relaxing)
 .debug_str     0x00000000000768c2      0x600 ./Drivers/STM32F3xx_HAL_Driver/Src/stm32f3xx_ll_gpio.o
                                      0x66a75 (size before relaxing)
 .debug_str     0x0000000000076ec2      0x3ed ./Drivers/STM32F3xx_HAL_Driver/Src/stm32f3xx_ll_i2c.o
                                      0x670d7 (size before relaxing)
 .debug_str     0x00000000000772af     0x1b87 ./Drivers/STM32F3xx_HAL_Driver/Src/stm32f3xx_ll_tim.o
                                      0x6b9c5 (size before relaxing)
 .debug_str     0x0000000000078e36      0xcfb ./Drivers/STM32F3xx_HAL_Driver/Src/stm32f3xx_ll_utils.o
                                      0x6a747 (size before relaxing)

.comment        0x0000000000000000       0x53
 .comment       0x0000000000000000       0x53 ./Core/Src/display.o
                                         0x54 (size before relaxing)
 .comment       0x0000000000000053       0x54 ./Core/Src/gpio.o
 .comment       0x0000000000000053       0x54 ./Core/Src/i2c.o
 .comment       0x0000000000000053       0x54 ./Core/Src/iks01a1.o
 .comment       0x0000000000000053       0x54 ./Core/Src/main.o
 .comment       0x0000000000000053       0x54 ./Core/Src/stm32f3xx_it.o
 .comment       0x0000000000000053       0x54 ./Core/Src/system_stm32f3xx.o
 .comment       0x0000000000000053       0x54 ./Core/Src/tim.o
 .comment       0x0000000000000053       0x54 ./Drivers/STM32F3xx_HAL_Driver/Src/stm32f3xx_ll_exti.o
 .comment       0x0000000000000053       0x54 ./Drivers/STM32F3xx_HAL_Driver/Src/stm32f3xx_ll_gpio.o
 .comment       0x0000000000000053       0x54 ./Drivers/STM32F3xx_HAL_Driver/Src/stm32f3xx_ll_i2c.o
 .comment       0x0000000000000053       0x54 ./Drivers/STM32F3xx_HAL_Driver/Src/stm32f3xx_ll_tim.o
 .comment       0x0000000000000053       0x54 ./Drivers/STM32F3xx_HAL_Driver/Src/stm32f3xx_ll_utils.o

.debug_frame    0x0000000000000000     0x1fd0
 .debug_frame   0x0000000000000000      0x168 ./Core/Src/display.o
 .debug_frame   0x0000000000000168      0x194 ./Core/Src/gpio.o
 .debug_frame   0x00000000000002fc      0x3e4 ./Core/Src/i2c.o
 .debug_frame   0x00000000000006e0       0xa0 ./Core/Src/iks01a1.o
 .debug_frame   0x0000000000000780      0x314 ./Core/Src/main.o
 .debug_frame   0x0000000000000a94      0x1b0 ./Core/Src/stm32f3xx_it.o
 .debug_frame   0x0000000000000c44       0x58 ./Core/Src/system_stm32f3xx.o
 .debug_frame   0x0000000000000c9c      0x248 ./Core/Src/tim.o
 .debug_frame   0x0000000000000ee4      0x2fc ./Drivers/STM32F3xx_HAL_Driver/Src/stm32f3xx_ll_exti.o
 .debug_frame   0x00000000000011e0      0x1c0 ./Drivers/STM32F3xx_HAL_Driver/Src/stm32f3xx_ll_gpio.o
 .debug_frame   0x00000000000013a0      0x238 ./Drivers/STM32F3xx_HAL_Driver/Src/stm32f3xx_ll_i2c.o
 .debug_frame   0x00000000000015d8      0x5d0 ./Drivers/STM32F3xx_HAL_Driver/Src/stm32f3xx_ll_tim.o
 .debug_frame   0x0000000000001ba8      0x3dc ./Drivers/STM32F3xx_HAL_Driver/Src/stm32f3xx_ll_utils.o
 .debug_frame   0x0000000000001f84       0x2c e:/st/stm32cubeide_1.7.0/stm32cubeide/plugins/com.st.stm32cube.ide.mcu.externaltools.gnu-tools-for-stm32.9-2020-q2-update.win32_2.0.0.202105311346/tools/bin/../lib/gcc/arm-none-eabi/9.3.1/../../../../arm-none-eabi/lib/thumb/v7e-m+fp/hard\libc_nano.a(lib_a-init.o)
 .debug_frame   0x0000000000001fb0       0x20 e:/st/stm32cubeide_1.7.0/stm32cubeide/plugins/com.st.stm32cube.ide.mcu.externaltools.gnu-tools-for-stm32.9-2020-q2-update.win32_2.0.0.202105311346/tools/bin/../lib/gcc/arm-none-eabi/9.3.1/../../../../arm-none-eabi/lib/thumb/v7e-m+fp/hard\libc_nano.a(lib_a-memset.o)
