stm32f3xx_ll_exti.h:1203:26:LL_EXTI_IsActiveFlag_0_31	16	static
stm32f3xx_ll_exti.h:1320:22:LL_EXTI_ClearFlag_0_31	16	static
stm32f3xx_ll_tim.h:4074:22:LL_TIM_ClearFlag_UPDATE	16	static
stm32f3xx_ll_tim.h:4085:26:LL_TIM_IsActiveFlag_UPDATE	16	static
stm32f3xx_it.c:74:6:NMI_Handler	4	static
stm32f3xx_it.c:89:6:HardFault_Handler	4	static
stm32f3xx_it.c:104:6:MemManage_Handler	4	static
stm32f3xx_it.c:119:6:BusFault_Handler	4	static
stm32f3xx_it.c:134:6:UsageFault_Handler	4	static
stm32f3xx_it.c:149:6:SVC_Handler	4	static
stm32f3xx_it.c:162:6:DebugMon_Handler	4	static
stm32f3xx_it.c:175:6:PendSV_Handler	4	static
stm32f3xx_it.c:188:6:SysTick_Handler	4	static
stm32f3xx_it.c:208:6:EXTI3_IRQHandler	16	static
stm32f3xx_it.c:233:6:TIM3_IRQHandler	8	static
stm32f3xx_it.c:251:6:I2C1_EV_IRQHandler	8	static
