stm32f3xx_ll_tim.h:4074:22:LL_TIM_ClearFlag_UPDATE	16	static
stm32f3xx_ll_tim.h:4085:26:LL_TIM_IsActiveFlag_UPDATE	16	static
stm32f3xx_it.c:72:6:NMI_Handler	4	static
stm32f3xx_it.c:87:6:HardFault_Handler	4	static
stm32f3xx_it.c:102:6:MemManage_Handler	4	static
stm32f3xx_it.c:117:6:BusFault_Handler	4	static
stm32f3xx_it.c:132:6:UsageFault_Handler	4	static
stm32f3xx_it.c:147:6:SVC_Handler	4	static
stm32f3xx_it.c:160:6:DebugMon_Handler	4	static
stm32f3xx_it.c:173:6:PendSV_Handler	4	static
stm32f3xx_it.c:186:6:SysTick_Handler	4	static
stm32f3xx_it.c:206:6:EXTI3_IRQHandler	4	static
stm32f3xx_it.c:219:6:TIM3_IRQHandler	8	static
stm32f3xx_it.c:237:6:I2C1_EV_IRQHandler	8	static
